21:16:43 **** Incremental Build of configuration Debug for project temp_v1 ****
make all 
make --no-print-directory pre-build
a9-linaro-pre-build-step
' '
make --no-print-directory main-build
'Building file: ../src/main.c'
'Invoking: ARM v7 g++ compiler'
arm-none-eabi-g++ -Wall -O0 -g3 -c -fmessage-length=0 -MT"src/main.o" -mcpu=cortex-a9 -mfpu=vfpv3 -mfloat-abi=hard -IC:/Users/dkeum/Desktop/Integration_v4/design_1_wrapper/export/design_1_wrapper/sw/design_1_wrapper/standalone_ps7_cortexa9_0/bspinclude/include -MMD -MP -MF"src/main.d" -MT"src/main.o" -o "src/main.o" "../src/main.c"
In file included from ../src/main.c:4:
C:/Users/dkeum/Desktop/Integration_v4/design_1_wrapper/export/design_1_wrapper/sw/design_1_wrapper/standalone_ps7_cortexa9_0/bspinclude/include/xtime_l.h:65:70: note: #pragma message: For the sleep routines, Global timer is being used
   65 | #pragma message ("For the sleep routines, Global timer is being used")
      |                                                                      ^
../src/main.c: In function 'int main()':
../src/main.c:36:9: warning: unused variable 'status' [-Wunused-variable]
   36 |     int status = XAxiDma_CfgInitialize(&myDma, myDmaConfig);
      |         ^~~~~~
../src/main.c:72:9: warning: variable 'bin' set but not used [-Wunused-but-set-variable]
   72 |     int bin = 0;
      |         ^~~
../src/main.c: In function 'void generate_PRNG(XAxiDma*, long long unsigned int)':
../src/main.c:103:20: warning: comparison of integer expressions of different signedness: 'int' and 'u32' {aka 'long unsigned int'} [-Wsign-compare]
  103 |  for(int ii =0; ii < size;ii++){
      |                 ~~~^~~~~~
../src/main.c:121:20: warning: comparison of integer expressions of different signedness: 'int' and 'u32' {aka 'long unsigned int'} [-Wsign-compare]
  121 |  for(int ii =0; ii < size;ii++){
      |                 ~~~^~~~~~
../src/main.c:118:6: warning: unused variable 'a' [-Wunused-variable]
  118 |  int a,b,c,d,e;
      |      ^
../src/main.c:118:8: warning: unused variable 'b' [-Wunused-variable]
  118 |  int a,b,c,d,e;
      |        ^
../src/main.c:118:10: warning: unused variable 'c' [-Wunused-variable]
  118 |  int a,b,c,d,e;
      |          ^
../src/main.c:118:12: warning: unused variable 'd' [-Wunused-variable]
  118 |  int a,b,c,d,e;
      |            ^
../src/main.c:118:14: warning: unused variable 'e' [-Wunused-variable]
  118 |  int a,b,c,d,e;
      |              ^
'Finished building: ../src/main.c'
' '
'Building target: temp_v1.elf'
'Invoking: ARM v7 g++ linker'
arm-none-eabi-g++ -mcpu=cortex-a9 -mfpu=vfpv3 -mfloat-abi=hard -Wl,-build-id=none -specs=Xilinx.spec -Wl,-T -Wl,../src/lscript.ld -LC:/Users/dkeum/Desktop/Integration_v4/design_1_wrapper/export/design_1_wrapper/sw/design_1_wrapper/standalone_ps7_cortexa9_0/bsplib/lib -o "temp_v1.elf"  ./src/audio.o ./src/main.o   -Wl,--start-group,-lxil,-lgcc,-lc,-lstdc++,--end-group
'Finished building target: temp_v1.elf'
' '
'Invoking: ARM v7 Print Size'
arm-none-eabi-size temp_v1.elf  |tee "temp_v1.elf.size"
   text	   data	    bss	    dec	    hex	filename
  48948	   2384	  22728	  74060	  1214c	temp_v1.elf
'Finished building: temp_v1.elf.size'
' '

21:16:44 Build Finished (took 1s.310ms)

