Nothing to build in platform 'v5_wrapper_1'

20:38:28 **** Incremental Build of configuration Debug for project try_version1_core1 ****
make all 
make --no-print-directory pre-build
a9-linaro-pre-build-step
' '
make --no-print-directory main-build
make[1]: Nothing to be done for 'main-build'.
20:38:29 **** Incremental Build of configuration Debug for project try_version1 ****
make all 
make --no-print-directory pre-build
a9-linaro-pre-build-step
' '
make --no-print-directory main-build
'Building file: ../src/fft.cpp'
'Invoking: ARM v7 g++ compiler'
arm-none-eabi-g++ -Wall -O0 -g3 -c -fmessage-length=0 -MT"src/fft.o" -mcpu=cortex-a9 -mfpu=vfpv3 -mfloat-abi=hard -IC:/Users/mbwhiteh/ENSC452-Daniel/clean_folder/v5_wrapper_1/export/v5_wrapper_1/sw/v5_wrapper_1/standalone_ps7_cortexa9_0/bspinclude/include -MMD -MP -MF"src/fft.d" -MT"src/fft.o" -o "src/fft.o" "../src/fft.cpp"
'Finished building: ../src/fft.cpp'
' '
'Building file: ../src/ip_functions.cpp'
'Invoking: ARM v7 g++ compiler'
arm-none-eabi-g++ -Wall -O0 -g3 -c -fmessage-length=0 -MT"src/ip_functions.o" -mcpu=cortex-a9 -mfpu=vfpv3 -mfloat-abi=hard -IC:/Users/mbwhiteh/ENSC452-Daniel/clean_folder/v5_wrapper_1/export/v5_wrapper_1/sw/v5_wrapper_1/standalone_ps7_cortexa9_0/bspinclude/include -MMD -MP -MF"src/ip_functions.d" -MT"src/ip_functions.o" -o "src/ip_functions.o" "../src/ip_functions.cpp"
../src/ip_functions.cpp: In function 'int generate_PRNG(XAxiDma*, long long unsigned int)':
../src/ip_functions.cpp:87:6: warning: unused variable 'a' [-Wunused-variable]
   87 |  int a,b,c,d,e;
      |      ^
../src/ip_functions.cpp:87:8: warning: unused variable 'b' [-Wunused-variable]
   87 |  int a,b,c,d,e;
      |        ^
../src/ip_functions.cpp:87:10: warning: unused variable 'c' [-Wunused-variable]
   87 |  int a,b,c,d,e;
      |          ^
../src/ip_functions.cpp:87:12: warning: unused variable 'd' [-Wunused-variable]
   87 |  int a,b,c,d,e;
      |            ^
../src/ip_functions.cpp:87:14: warning: unused variable 'e' [-Wunused-variable]
   87 |  int a,b,c,d,e;
      |              ^
'Finished building: ../src/ip_functions.cpp'
' '
'Building file: ../src/main.cpp'
'Invoking: ARM v7 g++ compiler'
arm-none-eabi-g++ -Wall -O0 -g3 -c -fmessage-length=0 -MT"src/main.o" -mcpu=cortex-a9 -mfpu=vfpv3 -mfloat-abi=hard -IC:/Users/mbwhiteh/ENSC452-Daniel/clean_folder/v5_wrapper_1/export/v5_wrapper_1/sw/v5_wrapper_1/standalone_ps7_cortexa9_0/bspinclude/include -MMD -MP -MF"src/main.d" -MT"src/main.o" -o "src/main.o" "../src/main.cpp"
In file included from ../src/main.cpp:6:
C:/Users/mbwhiteh/ENSC452-Daniel/clean_folder/v5_wrapper_1/export/v5_wrapper_1/sw/v5_wrapper_1/standalone_ps7_cortexa9_0/bspinclude/include/xtime_l.h:65:70: note: #pragma message: For the sleep routines, Global timer is being used
   65 | #pragma message ("For the sleep routines, Global timer is being used")
      |                                                                      ^
../src/main.cpp: In function 'int main()':
../src/main.cpp:178:6: warning: variable 'status' set but not used [-Wunused-but-set-variable]
  178 |  int status = 0;
      |      ^~~~~~
../src/main.cpp: In function 'void generate_shape_from_rng(int, int, int, double, int)':
../src/main.cpp:1576:6: warning: variable 'bin' set but not used [-Wunused-but-set-variable]
 1576 |  int bin   = temp_buffer[5*4*jj+1+ 5*buffer_index]; // accept valeus of 1-5
      |      ^~~
../src/main.cpp:1578:6: warning: variable 'size' set but not used [-Wunused-but-set-variable]
 1578 |  int size = temp_buffer[5*4*jj+3+ 5*buffer_index]; // accept valeus of 1-7
      |      ^~~~
../src/main.cpp: In function 'void generate_shape_from_Prng(int, int, int, double, int)':
../src/main.cpp:1759:7: warning: variable 'bin' set but not used [-Wunused-but-set-variable]
 1759 |   int bin        = temp_buffer[5*5*jj+1+ 5*buffer_index]; // accept valeus of 1-5
      |       ^~~
../src/main.cpp: In function 'void generate_shape_from_rng_with_array(int, int, int, double, int, int*)':
../src/main.cpp:1977:6: warning: variable 'bin' set but not used [-Wunused-but-set-variable]
 1977 |  int bin   = temp_buffer[5*5*jj+1+ 5*buffer_index]; // accept valeus of 1-5
      |      ^~~
../src/main.cpp:1979:6: warning: variable 'size' set but not used [-Wunused-but-set-variable]
 1979 |  int size = temp_buffer[5*5*jj+3+ 5*buffer_index]; // accept valeus of 1-7
      |      ^~~~
../src/main.cpp: In function 'void generate_shape_from_Prng(int, int, int, double, int, int*)':
../src/main.cpp:2120:8: warning: variable 'bin' set but not used [-Wunused-but-set-variable]
 2120 |    int bin        = temp_buffer[5*5*jj+1+ 5*buffer_index]; // accept valeus of 1-5
      |        ^~~
'Finished building: ../src/main.cpp'
' '
'Building target: try_version1.elf'
'Invoking: ARM v7 g++ linker'
arm-none-eabi-g++ -mcpu=cortex-a9 -mfpu=vfpv3 -mfloat-abi=hard -Wl,-build-id=none -specs=Xilinx.spec -Wl,-T -Wl,../src/lscript.ld -LC:/Users/mbwhiteh/ENSC452-Daniel/clean_folder/v5_wrapper_1/export/v5_wrapper_1/sw/v5_wrapper_1/standalone_ps7_cortexa9_0/bsplib/lib -o "try_version1.elf"  ./src/audio.o ./src/cplx_data.o ./src/fft.o ./src/ip_functions.o ./src/main.o ./src/shapes.o   -Wl,--start-group,-lxil,-lgcc,-lc,-lstdc++,--end-group
'Finished building target: try_version1.elf'
' '
'Invoking: ARM v7 Print Size'
arm-none-eabi-size try_version1.elf  |tee "try_version1.elf.size"
   text	   data	    bss	    dec	    hex	filename
 671227	   3876	23083760	23758863	16a880f	try_version1.elf
'Finished building: try_version1.elf.size'
' '
20:38:33 **** Incremental Build of configuration Debug for project try_version1_system ****
make all 
Generating bif file for the system project
generate_system_bif.bat 2832 C:/Users/mbwhiteh/ENSC452-Daniel/clean_folder/v5_wrapper_1/export/v5_wrapper_1/v5_wrapper_1.xpfm standalone_ps7_cortexa9_0,try_version1_core1 C:/Users/mbwhiteh/ENSC452-Daniel/clean_folder/try_version1_system/Debug/system.bif
sdcard_gen --xpfm C:/Users/mbwhiteh/ENSC452-Daniel/clean_folder/v5_wrapper_1/export/v5_wrapper_1/v5_wrapper_1.xpfm --sys_config v5_wrapper_1 --bif C:/Users/mbwhiteh/ENSC452-Daniel/clean_folder/try_version1_system/Debug/system.bif --bitstream C:/Users/mbwhiteh/ENSC452-Daniel/clean_folder/try_version1/_ide/bitstream/v5_wrapper.bit --elf C:/Users/mbwhiteh/ENSC452-Daniel/clean_folder/try_version1/Debug/try_version1.elf,ps7_cortexa9_0 --elf C:/Users/mbwhiteh/ENSC452-Daniel/clean_folder/try_version1_core1/Debug/try_version1_core1.elf,ps7_cortexa9_1
creating BOOT.BIN using C:/Users/mbwhiteh/ENSC452-Daniel/clean_folder/try_version1/_ide/bitstream/v5_wrapper.bit
Running C:/Xilinx/Vitis/2020.2/bin/bootgen  -image C:/Users/mbwhiteh/ENSC452-Daniel/clean_folder/try_version1_system/Debug/sd_card_temp/boot.bif -w -o i BOOT.BIN
