18:45:01 **** Incremental Build of configuration Debug for project try_version1 ****
make all 
make --no-print-directory pre-build
a9-linaro-pre-build-step
' '
make --no-print-directory main-build
'Building file: ../src/main.cpp'
'Invoking: ARM v7 g++ compiler'
arm-none-eabi-g++ -Wall -O0 -g3 -c -fmessage-length=0 -MT"src/main.o" -mcpu=cortex-a9 -mfpu=vfpv3 -mfloat-abi=hard -IC:/Users/mbwhiteh/ENSC452-Daniel/clean_folder/v5_wrapper_1/export/v5_wrapper_1/sw/v5_wrapper_1/standalone_ps7_cortexa9_0/bspinclude/include -MMD -MP -MF"src/main.d" -MT"src/main.o" -o "src/main.o" "../src/main.cpp"
In file included from ../src/main.cpp:5:
C:/Users/mbwhiteh/ENSC452-Daniel/clean_folder/v5_wrapper_1/export/v5_wrapper_1/sw/v5_wrapper_1/standalone_ps7_cortexa9_0/bspinclude/include/xtime_l.h:65:70: note: #pragma message: For the sleep routines, Global timer is being used
   65 | #pragma message ("For the sleep routines, Global timer is being used")
      |                                                                      ^
../src/main.cpp: In function 'int main()':
../src/main.cpp:174:6: warning: variable 'status' set but not used [-Wunused-but-set-variable]
  174 |  int status = 0;
      |      ^~~~~~
../src/main.cpp: In function 'void Global_Interrupt_Handler(void*)':
../src/main.cpp:687:18: warning: comparison of integer expressions of different signedness: 'int' and 'u32' {aka 'long unsigned int'} [-Wsign-compare]
  687 |  if(switch_value == XGpio_DiscreteRead(&btn_swt_gpio, SWT_INT) && switch_value != 0){
      |     ~~~~~~~~~~~~~^~~~~~~~~~~~~~~~~~~~~~~~~~~~~~~~~~~~~~~~~~~~~
../src/main.cpp:724:16: warning: comparison of integer expressions of different signedness: 'int' and 'u32' {aka 'long unsigned int'} [-Wsign-compare]
  724 |  if (btn_value == XGpio_DiscreteRead(&btn_swt_gpio, BTN_INT) && btn_value != 0){
      |      ~~~~~~~~~~^~~~~~~~~~~~~~~~~~~~~~~~~~~~~~~~~~~~~~~~~~~~~
../src/main.cpp: In function 'void playback_audio(unsigned int)':
../src/main.cpp:1296:10: warning: comparison of integer expressions of different signedness: 'int' and 'unsigned int' [-Wsign-compare]
 1296 |  while(i < AUDIO_BUFF_SIZE && (XGpio_DiscreteRead(&btn_swt_gpio, SWT_INT) != 0)){
      |        ~~^~~~~~~~~~~~~~~~~
../src/main.cpp: In function 'void generate_shape_from_rng(int, int, int, double, int)':
../src/main.cpp:1532:6: warning: variable 'bin' set but not used [-Wunused-but-set-variable]
 1532 |  int bin   = temp_buffer[5*4*jj+1+ 5*buffer_index]; // accept valeus of 1-5
      |      ^~~
../src/main.cpp:1534:6: warning: variable 'size' set but not used [-Wunused-but-set-variable]
 1534 |  int size = temp_buffer[5*4*jj+3+ 5*buffer_index]; // accept valeus of 1-7
      |      ^~~~
../src/main.cpp: In function 'void generate_shape_from_Prng(int, int, int, double, int)':
../src/main.cpp:1715:7: warning: variable 'bin' set but not used [-Wunused-but-set-variable]
 1715 |   int bin        = temp_buffer[5*4*jj+1+ 5*buffer_index]; // accept valeus of 1-5
      |       ^~~
'Finished building: ../src/main.cpp'
' '
'Building target: try_version1.elf'
'Invoking: ARM v7 g++ linker'
arm-none-eabi-g++ -mcpu=cortex-a9 -mfpu=vfpv3 -mfloat-abi=hard -Wl,-build-id=none -specs=Xilinx.spec -Wl,-T -Wl,../src/lscript.ld -LC:/Users/mbwhiteh/ENSC452-Daniel/clean_folder/v5_wrapper_1/export/v5_wrapper_1/sw/v5_wrapper_1/standalone_ps7_cortexa9_0/bsplib/lib -o "try_version1.elf"  ./src/audio.o ./src/cplx_data.o ./src/fft.o ./src/ip_functions.o ./src/main.o ./src/shapes.o   -Wl,--start-group,-lxil,-lgcc,-lc,-lstdc++,--end-group
'Finished building target: try_version1.elf'
' '
'Invoking: ARM v7 Print Size'
arm-none-eabi-size try_version1.elf  |tee "try_version1.elf.size"
   text	   data	    bss	    dec	    hex	filename
 663975	   3876	24826576	25494427	185039b	try_version1.elf
'Finished building: try_version1.elf.size'
' '

18:45:03 Build Finished (took 1s.662ms)

